Total messages: 88 (Errors: 19, Warnings: 6)
Returning 19 messages for level "error"

TypeError: mouCodes?.map is not a function
    at Object.render (http://localhost:5173/src/components/inspection/inspection-form.tsx:480:83)
    at Controller (http://localhost:5173/node_modules/.vite/deps/chunk-353GMZHS.js?v=7d260e8d:312:35)
    at renderWithHooks (http://localhost:5173/node_modules/.vite/deps/chunk-T2SWDQEL.js?v=7d260e8d:11548:26)
    at mountIndeterminateComponent (http://localhost:5173/node_modules/.vite/deps/chunk-T2SWDQEL.js?v=7d260e8d:14926:21)
    at beginWork (http://localhost:5173/node_modules/.vite/deps/chunk-T2SWDQEL.js?v=7d260e8d:15914:22)
    at HTMLUnknownElement.callCallback2 (http://localhost:5173/node_modules/.vite/deps/chunk-T2SWDQEL.js?v=7d260e8d:3674:22)
    at Object.invokeGuardedCallbackDev (http://localhost:5173/node_modules/.vite/deps/chunk-T2SWDQEL.js?v=7d260e8d:3699:24)
    at invokeGuardedCallback (http://localhost:5173/node_modules/.vite/deps/chunk-T2SWDQEL.js?v=7d260e8d:3733:39)
    at beginWork$1 (http://localhost:5173/node_modules/.vite/deps/chunk-T2SWDQEL.js?v=7d260e8d:19765:15)
    at performUnitOfWork (http://localhost:5173/node_modules/.vite/deps/chunk-T2SWDQEL.js?v=7d260e8d:19198:20)
TypeError: mouCodes?.map is not a function
    at Object.render (http://localhost:5173/src/components/inspection/inspection-form.tsx:480:83)
    at Controller (http://localhost:5173/node_modules/.vite/deps/chunk-353GMZHS.js?v=7d260e8d:312:35)
    at renderWithHooks (http://localhost:5173/node_modules/.vite/deps/chunk-T2SWDQEL.js?v=7d260e8d:11548:26)
    at mountIndeterminateComponent (http://localhost:5173/node_modules/.vite/deps/chunk-T2SWDQEL.js?v=7d260e8d:14926:21)
    at beginWork (http://localhost:5173/node_modules/.vite/deps/chunk-T2SWDQEL.js?v=7d260e8d:15914:22)
    at HTMLUnknownElement.callCallback2 (http://localhost:5173/node_modules/.vite/deps/chunk-T2SWDQEL.js?v=7d260e8d:3674:22)
    at Object.invokeGuardedCallbackDev (http://localhost:5173/node_modules/.vite/deps/chunk-T2SWDQEL.js?v=7d260e8d:3699:24)
    at invokeGuardedCallback (http://localhost:5173/node_modules/.vite/deps/chunk-T2SWDQEL.js?v=7d260e8d:3733:39)
    at beginWork$1 (http://localhost:5173/node_modules/.vite/deps/chunk-T2SWDQEL.js?v=7d260e8d:19765:15)
    at performUnitOfWork (http://localhost:5173/node_modules/.vite/deps/chunk-T2SWDQEL.js?v=7d260e8d:19198:20)
[ERROR] The above error occurred in the <Controller> component:

    at Controller (http://localhost:5173/node_modules/.vite/deps/chunk-353GMZHS.js?v=7d260e8d:312:35)
    at div
    at section
    at form
    at InspectionForm (http://localhost:5173/src/components/inspection/inspection-form.tsx:56:3)
    at div
    at main
    at div
    at div
    at RootLayout (http://localhost:5173/src/components/layout/root-layout.tsx:27:3)
    at CreateInspectionPage (http://localhost:5173/src/routes/inspections/new.tsx:34:20)
    at AuthGuard (http://localhost:5173/src/components/auth/auth-guard.tsx:33:29)
    at RenderedRoute (http://localhost:5173/node_modules/.vite/deps/react-router-dom.js?v=a36e8287:3989:5)
    at Routes (http://localhost:5173/node_modules/.vite/deps/react-router-dom.js?v=a36e8287:4423:5)
    at Suspense
    at AppShell (http://localhost:5173/src/App.tsx?t=1770407403220:125:3)
    at Router (http://localhost:5173/node_modules/.vite/deps/react-router-dom.js?v=a36e8287:4366:15)
    at BrowserRouter (http://localhost:5173/node_modules/.vite/deps/react-router-dom.js?v=a36e8287:5109:5)
    at App
    at QueryClientProvider (http://localhost:5173/node_modules/.vite/deps/@tanstack_react-query.js?v=c27f624f:2707:3)

Consider adding an error boundary to your tree to customize error handling behavior.
Visit https://reactjs.org/link/error-boundaries to learn more about error boundaries. @ http://localhost:5173/node_modules/.vite/deps/chunk-T2SWDQEL.js?v=7d260e8d:14031
TypeError: mouCodes?.map is not a function
    at Object.render (http://localhost:5173/src/components/inspection/inspection-form.tsx:480:83)
    at Controller (http://localhost:5173/node_modules/.vite/deps/chunk-353GMZHS.js?v=7d260e8d:312:35)
    at renderWithHooks (http://localhost:5173/node_modules/.vite/deps/chunk-T2SWDQEL.js?v=7d260e8d:11548:26)
    at mountIndeterminateComponent (http://localhost:5173/node_modules/.vite/deps/chunk-T2SWDQEL.js?v=7d260e8d:14926:21)
    at beginWork (http://localhost:5173/node_modules/.vite/deps/chunk-T2SWDQEL.js?v=7d260e8d:15914:22)
    at beginWork$1 (http://localhost:5173/node_modules/.vite/deps/chunk-T2SWDQEL.js?v=7d260e8d:19753:22)
    at performUnitOfWork (http://localhost:5173/node_modules/.vite/deps/chunk-T2SWDQEL.js?v=7d260e8d:19198:20)
    at workLoopSync (http://localhost:5173/node_modules/.vite/deps/chunk-T2SWDQEL.js?v=7d260e8d:19137:13)
    at renderRootSync (http://localhost:5173/node_modules/.vite/deps/chunk-T2SWDQEL.js?v=7d260e8d:19116:15)
    at recoverFromConcurrentError (http://localhost:5173/node_modules/.vite/deps/chunk-T2SWDQEL.js?v=7d260e8d:18736:28)
TypeError: mouCodes?.map is not a function
    at Object.render (http://localhost:5173/src/components/inspection/inspection-form.tsx:480:83)
    at Controller (http://localhost:5173/node_modules/.vite/deps/chunk-353GMZHS.js?v=7d260e8d:312:35)
    at renderWithHooks (http://localhost:5173/node_modules/.vite/deps/chunk-T2SWDQEL.js?v=7d260e8d:11548:26)
    at mountIndeterminateComponent (http://localhost:5173/node_modules/.vite/deps/chunk-T2SWDQEL.js?v=7d260e8d:14926:21)
    at beginWork (http://localhost:5173/node_modules/.vite/deps/chunk-T2SWDQEL.js?v=7d260e8d:15914:22)
    at HTMLUnknownElement.callCallback2 (http://localhost:5173/node_modules/.vite/deps/chunk-T2SWDQEL.js?v=7d260e8d:3674:22)
    at Object.invokeGuardedCallbackDev (http://localhost:5173/node_modules/.vite/deps/chunk-T2SWDQEL.js?v=7d260e8d:3699:24)
    at invokeGuardedCallback (http://localhost:5173/node_modules/.vite/deps/chunk-T2SWDQEL.js?v=7d260e8d:3733:39)
    at beginWork$1 (http://localhost:5173/node_modules/.vite/deps/chunk-T2SWDQEL.js?v=7d260e8d:19765:15)
    at performUnitOfWork (http://localhost:5173/node_modules/.vite/deps/chunk-T2SWDQEL.js?v=7d260e8d:19198:20)
TypeError: mouCodes?.map is not a function
    at Object.render (http://localhost:5173/src/components/inspection/inspection-form.tsx:480:83)
    at Controller (http://localhost:5173/node_modules/.vite/deps/chunk-353GMZHS.js?v=7d260e8d:312:35)
    at renderWithHooks (http://localhost:5173/node_modules/.vite/deps/chunk-T2SWDQEL.js?v=7d260e8d:11548:26)
    at mountIndeterminateComponent (http://localhost:5173/node_modules/.vite/deps/chunk-T2SWDQEL.js?v=7d260e8d:14926:21)
    at beginWork (http://localhost:5173/node_modules/.vite/deps/chunk-T2SWDQEL.js?v=7d260e8d:15914:22)
    at HTMLUnknownElement.callCallback2 (http://localhost:5173/node_modules/.vite/deps/chunk-T2SWDQEL.js?v=7d260e8d:3674:22)
    at Object.invokeGuardedCallbackDev (http://localhost:5173/node_modules/.vite/deps/chunk-T2SWDQEL.js?v=7d260e8d:3699:24)
    at invokeGuardedCallback (http://localhost:5173/node_modules/.vite/deps/chunk-T2SWDQEL.js?v=7d260e8d:3733:39)
    at beginWork$1 (http://localhost:5173/node_modules/.vite/deps/chunk-T2SWDQEL.js?v=7d260e8d:19765:15)
    at performUnitOfWork (http://localhost:5173/node_modules/.vite/deps/chunk-T2SWDQEL.js?v=7d260e8d:19198:20)
[ERROR] The above error occurred in the <Controller> component:

    at Controller (http://localhost:5173/node_modules/.vite/deps/chunk-353GMZHS.js?v=7d260e8d:312:35)
    at div
    at section
    at form
    at InspectionForm (http://localhost:5173/src/components/inspection/inspection-form.tsx:56:3)
    at div
    at main
    at div
    at div
    at RootLayout (http://localhost:5173/src/components/layout/root-layout.tsx:27:3)
    at CreateInspectionPage (http://localhost:5173/src/routes/inspections/new.tsx:34:20)
    at AuthGuard (http://localhost:5173/src/components/auth/auth-guard.tsx:33:29)
    at RenderedRoute (http://localhost:5173/node_modules/.vite/deps/react-router-dom.js?v=a36e8287:3989:5)
    at Routes (http://localhost:5173/node_modules/.vite/deps/react-router-dom.js?v=a36e8287:4423:5)
    at Suspense
    at AppShell (http://localhost:5173/src/App.tsx?t=1770407403220:125:3)
    at Router (http://localhost:5173/node_modules/.vite/deps/react-router-dom.js?v=a36e8287:4366:15)
    at BrowserRouter (http://localhost:5173/node_modules/.vite/deps/react-router-dom.js?v=a36e8287:5109:5)
    at App
    at QueryClientProvider (http://localhost:5173/node_modules/.vite/deps/@tanstack_react-query.js?v=c27f624f:2707:3)

Consider adding an error boundary to your tree to customize error handling behavior.
Visit https://reactjs.org/link/error-boundaries to learn more about error boundaries. @ http://localhost:5173/node_modules/.vite/deps/chunk-T2SWDQEL.js?v=7d260e8d:14031
TypeError: mouCodes?.map is not a function
    at Object.render (http://localhost:5173/src/components/inspection/inspection-form.tsx:480:83)
    at Controller (http://localhost:5173/node_modules/.vite/deps/chunk-353GMZHS.js?v=7d260e8d:312:35)
    at renderWithHooks (http://localhost:5173/node_modules/.vite/deps/chunk-T2SWDQEL.js?v=7d260e8d:11548:26)
    at mountIndeterminateComponent (http://localhost:5173/node_modules/.vite/deps/chunk-T2SWDQEL.js?v=7d260e8d:14926:21)
    at beginWork (http://localhost:5173/node_modules/.vite/deps/chunk-T2SWDQEL.js?v=7d260e8d:15914:22)
    at beginWork$1 (http://localhost:5173/node_modules/.vite/deps/chunk-T2SWDQEL.js?v=7d260e8d:19753:22)
    at performUnitOfWork (http://localhost:5173/node_modules/.vite/deps/chunk-T2SWDQEL.js?v=7d260e8d:19198:20)
    at workLoopSync (http://localhost:5173/node_modules/.vite/deps/chunk-T2SWDQEL.js?v=7d260e8d:19137:13)
    at renderRootSync (http://localhost:5173/node_modules/.vite/deps/chunk-T2SWDQEL.js?v=7d260e8d:19116:15)
    at recoverFromConcurrentError (http://localhost:5173/node_modules/.vite/deps/chunk-T2SWDQEL.js?v=7d260e8d:18736:28)
[ERROR] Failed to load resource: the server responded with a status of 401 (Unauthorized) @ http://localhost:8000/api/psc/masters/mou/:0
[ERROR] Failed to load resource: the server responded with a status of 400 (Bad Request) @ http://localhost:8000/api/psc/cars/c2572082-8669-41b1-8ff6-009caa439256/submit/:0
[ERROR] Failed to load resource: the server responded with a status of 400 (Bad Request) @ http://localhost:8000/api/psc/cars/c2572082-8669-41b1-8ff6-009caa439256/submit/:0
TypeError: Cannot read properties of undefined (reading 'length')
    at InspectionDetail (http://localhost:5173/src/components/inspection/inspection-detail.tsx?t=1770407594699:92:33)
    at renderWithHooks (http://localhost:5173/node_modules/.vite/deps/chunk-T2SWDQEL.js?v=7d260e8d:11548:26)
    at mountIndeterminateComponent (http://localhost:5173/node_modules/.vite/deps/chunk-T2SWDQEL.js?v=7d260e8d:14926:21)
    at beginWork (http://localhost:5173/node_modules/.vite/deps/chunk-T2SWDQEL.js?v=7d260e8d:15914:22)
    at HTMLUnknownElement.callCallback2 (http://localhost:5173/node_modules/.vite/deps/chunk-T2SWDQEL.js?v=7d260e8d:3674:22)
    at Object.invokeGuardedCallbackDev (http://localhost:5173/node_modules/.vite/deps/chunk-T2SWDQEL.js?v=7d260e8d:3699:24)
    at invokeGuardedCallback (http://localhost:5173/node_modules/.vite/deps/chunk-T2SWDQEL.js?v=7d260e8d:3733:39)
    at beginWork$1 (http://localhost:5173/node_modules/.vite/deps/chunk-T2SWDQEL.js?v=7d260e8d:19765:15)
    at performUnitOfWork (http://localhost:5173/node_modules/.vite/deps/chunk-T2SWDQEL.js?v=7d260e8d:19198:20)
    at workLoopSync (http://localhost:5173/node_modules/.vite/deps/chunk-T2SWDQEL.js?v=7d260e8d:19137:13)
TypeError: Cannot read properties of undefined (reading 'length')
    at InspectionDetail (http://localhost:5173/src/components/inspection/inspection-detail.tsx?t=1770407594699:92:33)
    at renderWithHooks (http://localhost:5173/node_modules/.vite/deps/chunk-T2SWDQEL.js?v=7d260e8d:11548:26)
    at mountIndeterminateComponent (http://localhost:5173/node_modules/.vite/deps/chunk-T2SWDQEL.js?v=7d260e8d:14926:21)
    at beginWork (http://localhost:5173/node_modules/.vite/deps/chunk-T2SWDQEL.js?v=7d260e8d:15914:22)
    at HTMLUnknownElement.callCallback2 (http://localhost:5173/node_modules/.vite/deps/chunk-T2SWDQEL.js?v=7d260e8d:3674:22)
    at Object.invokeGuardedCallbackDev (http://localhost:5173/node_modules/.vite/deps/chunk-T2SWDQEL.js?v=7d260e8d:3699:24)
    at invokeGuardedCallback (http://localhost:5173/node_modules/.vite/deps/chunk-T2SWDQEL.js?v=7d260e8d:3733:39)
    at beginWork$1 (http://localhost:5173/node_modules/.vite/deps/chunk-T2SWDQEL.js?v=7d260e8d:19765:15)
    at performUnitOfWork (http://localhost:5173/node_modules/.vite/deps/chunk-T2SWDQEL.js?v=7d260e8d:19198:20)
    at workLoopSync (http://localhost:5173/node_modules/.vite/deps/chunk-T2SWDQEL.js?v=7d260e8d:19137:13)
[ERROR] The above error occurred in the <InspectionDetail> component:

    at InspectionDetail (http://localhost:5173/src/components/inspection/inspection-detail.tsx?t=1770407594699:64:3)
    at main
    at div
    at div
    at RootLayout (http://localhost:5173/src/components/layout/root-layout.tsx:27:3)
    at InspectionDetailPage (http://localhost:5173/src/routes/inspections/[id].tsx?t=1770407376677:51:18)
    at AuthGuard (http://localhost:5173/src/components/auth/auth-guard.tsx:33:29)
    at RenderedRoute (http://localhost:5173/node_modules/.vite/deps/react-router-dom.js?v=a36e8287:3989:5)
    at Routes (http://localhost:5173/node_modules/.vite/deps/react-router-dom.js?v=a36e8287:4423:5)
    at Suspense
    at AppShell (http://localhost:5173/src/App.tsx?t=1770407403220:125:3)
    at Router (http://localhost:5173/node_modules/.vite/deps/react-router-dom.js?v=a36e8287:4366:15)
    at BrowserRouter (http://localhost:5173/node_modules/.vite/deps/react-router-dom.js?v=a36e8287:5109:5)
    at App
    at QueryClientProvider (http://localhost:5173/node_modules/.vite/deps/@tanstack_react-query.js?v=c27f624f:2707:3)

Consider adding an error boundary to your tree to customize error handling behavior.
Visit https://reactjs.org/link/error-boundaries to learn more about error boundaries. @ http://localhost:5173/node_modules/.vite/deps/chunk-T2SWDQEL.js?v=7d260e8d:14031
TypeError: Cannot read properties of undefined (reading 'length')
    at InspectionDetail (http://localhost:5173/src/components/inspection/inspection-detail.tsx?t=1770407594699:92:33)
    at renderWithHooks (http://localhost:5173/node_modules/.vite/deps/chunk-T2SWDQEL.js?v=7d260e8d:11548:26)
    at mountIndeterminateComponent (http://localhost:5173/node_modules/.vite/deps/chunk-T2SWDQEL.js?v=7d260e8d:14926:21)
    at beginWork (http://localhost:5173/node_modules/.vite/deps/chunk-T2SWDQEL.js?v=7d260e8d:15914:22)
    at beginWork$1 (http://localhost:5173/node_modules/.vite/deps/chunk-T2SWDQEL.js?v=7d260e8d:19753:22)
    at performUnitOfWork (http://localhost:5173/node_modules/.vite/deps/chunk-T2SWDQEL.js?v=7d260e8d:19198:20)
    at workLoopSync (http://localhost:5173/node_modules/.vite/deps/chunk-T2SWDQEL.js?v=7d260e8d:19137:13)
    at renderRootSync (http://localhost:5173/node_modules/.vite/deps/chunk-T2SWDQEL.js?v=7d260e8d:19116:15)
    at recoverFromConcurrentError (http://localhost:5173/node_modules/.vite/deps/chunk-T2SWDQEL.js?v=7d260e8d:18736:28)
    at performSyncWorkOnRoot (http://localhost:5173/node_modules/.vite/deps/chunk-T2SWDQEL.js?v=7d260e8d:18879:28)
TypeError: Cannot read properties of undefined (reading 'length')
    at InspectionDetail (http://localhost:5173/src/components/inspection/inspection-detail.tsx?t=1770407594699:92:33)
    at renderWithHooks (http://localhost:5173/node_modules/.vite/deps/chunk-T2SWDQEL.js?v=7d260e8d:11548:26)
    at mountIndeterminateComponent (http://localhost:5173/node_modules/.vite/deps/chunk-T2SWDQEL.js?v=7d260e8d:14926:21)
    at beginWork (http://localhost:5173/node_modules/.vite/deps/chunk-T2SWDQEL.js?v=7d260e8d:15914:22)
    at HTMLUnknownElement.callCallback2 (http://localhost:5173/node_modules/.vite/deps/chunk-T2SWDQEL.js?v=7d260e8d:3674:22)
    at Object.invokeGuardedCallbackDev (http://localhost:5173/node_modules/.vite/deps/chunk-T2SWDQEL.js?v=7d260e8d:3699:24)
    at invokeGuardedCallback (http://localhost:5173/node_modules/.vite/deps/chunk-T2SWDQEL.js?v=7d260e8d:3733:39)
    at beginWork$1 (http://localhost:5173/node_modules/.vite/deps/chunk-T2SWDQEL.js?v=7d260e8d:19765:15)
    at performUnitOfWork (http://localhost:5173/node_modules/.vite/deps/chunk-T2SWDQEL.js?v=7d260e8d:19198:20)
    at workLoopSync (http://localhost:5173/node_modules/.vite/deps/chunk-T2SWDQEL.js?v=7d260e8d:19137:13)
TypeError: Cannot read properties of undefined (reading 'length')
    at InspectionDetail (http://localhost:5173/src/components/inspection/inspection-detail.tsx?t=1770407594699:92:33)
    at renderWithHooks (http://localhost:5173/node_modules/.vite/deps/chunk-T2SWDQEL.js?v=7d260e8d:11548:26)
    at mountIndeterminateComponent (http://localhost:5173/node_modules/.vite/deps/chunk-T2SWDQEL.js?v=7d260e8d:14926:21)
    at beginWork (http://localhost:5173/node_modules/.vite/deps/chunk-T2SWDQEL.js?v=7d260e8d:15914:22)
    at HTMLUnknownElement.callCallback2 (http://localhost:5173/node_modules/.vite/deps/chunk-T2SWDQEL.js?v=7d260e8d:3674:22)
    at Object.invokeGuardedCallbackDev (http://localhost:5173/node_modules/.vite/deps/chunk-T2SWDQEL.js?v=7d260e8d:3699:24)
    at invokeGuardedCallback (http://localhost:5173/node_modules/.vite/deps/chunk-T2SWDQEL.js?v=7d260e8d:3733:39)
    at beginWork$1 (http://localhost:5173/node_modules/.vite/deps/chunk-T2SWDQEL.js?v=7d260e8d:19765:15)
    at performUnitOfWork (http://localhost:5173/node_modules/.vite/deps/chunk-T2SWDQEL.js?v=7d260e8d:19198:20)
    at workLoopSync (http://localhost:5173/node_modules/.vite/deps/chunk-T2SWDQEL.js?v=7d260e8d:19137:13)
[ERROR] The above error occurred in the <InspectionDetail> component:

    at InspectionDetail (http://localhost:5173/src/components/inspection/inspection-detail.tsx?t=1770407594699:64:3)
    at main
    at div
    at div
    at RootLayout (http://localhost:5173/src/components/layout/root-layout.tsx:27:3)
    at InspectionDetailPage (http://localhost:5173/src/routes/inspections/[id].tsx?t=1770407910204:51:18)
    at AuthGuard (http://localhost:5173/src/components/auth/auth-guard.tsx:33:29)
    at RenderedRoute (http://localhost:5173/node_modules/.vite/deps/react-router-dom.js?v=a36e8287:3989:5)
    at Routes (http://localhost:5173/node_modules/.vite/deps/react-router-dom.js?v=a36e8287:4423:5)
    at Suspense
    at AppShell (http://localhost:5173/src/App.tsx?t=1770407910204:125:3)
    at Router (http://localhost:5173/node_modules/.vite/deps/react-router-dom.js?v=a36e8287:4366:15)
    at BrowserRouter (http://localhost:5173/node_modules/.vite/deps/react-router-dom.js?v=a36e8287:5109:5)
    at App
    at QueryClientProvider (http://localhost:5173/node_modules/.vite/deps/@tanstack_react-query.js?v=c27f624f:2707:3)

Consider adding an error boundary to your tree to customize error handling behavior.
Visit https://reactjs.org/link/error-boundaries to learn more about error boundaries. @ http://localhost:5173/node_modules/.vite/deps/chunk-T2SWDQEL.js?v=7d260e8d:14031
TypeError: Cannot read properties of undefined (reading 'length')
    at InspectionDetail (http://localhost:5173/src/components/inspection/inspection-detail.tsx?t=1770407594699:92:33)
    at renderWithHooks (http://localhost:5173/node_modules/.vite/deps/chunk-T2SWDQEL.js?v=7d260e8d:11548:26)
    at mountIndeterminateComponent (http://localhost:5173/node_modules/.vite/deps/chunk-T2SWDQEL.js?v=7d260e8d:14926:21)
    at beginWork (http://localhost:5173/node_modules/.vite/deps/chunk-T2SWDQEL.js?v=7d260e8d:15914:22)
    at beginWork$1 (http://localhost:5173/node_modules/.vite/deps/chunk-T2SWDQEL.js?v=7d260e8d:19753:22)
    at performUnitOfWork (http://localhost:5173/node_modules/.vite/deps/chunk-T2SWDQEL.js?v=7d260e8d:19198:20)
    at workLoopSync (http://localhost:5173/node_modules/.vite/deps/chunk-T2SWDQEL.js?v=7d260e8d:19137:13)
    at renderRootSync (http://localhost:5173/node_modules/.vite/deps/chunk-T2SWDQEL.js?v=7d260e8d:19116:15)
    at recoverFromConcurrentError (http://localhost:5173/node_modules/.vite/deps/chunk-T2SWDQEL.js?v=7d260e8d:18736:28)
    at performSyncWorkOnRoot (http://localhost:5173/node_modules/.vite/deps/chunk-T2SWDQEL.js?v=7d260e8d:18879:28)